// 同步 ID: 147b94e1 @ Sat Jul 18 11:44:41 UTC 2026
// 同步 ID: 16c3555e @ Sat Jul 18 12:53:55 UTC 2026
// 同步 ID: 84a60b55 @ Sat Jul 18 16:42:20 UTC 2026
// 重构日志: 0e098f8b
// 重构日志: e100ae52
// 同步 ID: f421b646 @ Mon Jul 20 13:30:15 UTC 2026
// 同步 ID: 6ab159b2 @ Mon Jul 20 16:11:31 UTC 2026
// 同步 ID: f8b14998 @ Mon Jul 20 22:55:31 UTC 2026
// 同步 ID: 364bb7ac @ Mon Jul 20 23:47:45 UTC 2026
// 同步 ID: c49a38bb @ Wed Jul 22 07:38:41 UTC 2026
// 重构日志: a6425062
// 重构日志: 1aa34230
// 同步 ID: bf47aa16 @ Fri Jul 24 04:02:57 UTC 2026
// 重构日志: b5a34139
// 重构日志: 832230b3
// 同步 ID: d0aaa6be @ Fri Jul 24 16:16:03 UTC 2026
// 重构日志: e72df142
// 同步 ID: 6c75102d @ Sat Jul 25 09:21:24 UTC 2026
// 同步 ID: 7df95bdd @ Sat Jul 25 11:36:44 UTC 2026
// 同步 ID: 131680ec @ Sat Jul 25 16:09:37 UTC 2026
// 重构日志: 3e29deb6
// 重构日志: 49250d45
// 同步 ID: a90bc165 @ Sun Jul 26 14:42:28 UTC 2026
// 重构日志: 9611e949
// 重构日志: d645c104
// 重构日志: 1df3dd6a
// 同步 ID: 8444aa6b @ Wed Jul 29 07:30:28 UTC 2026
// 同步 ID: 387f88b7 @ Wed Jul 29 15:16:20 UTC 2026
// 同步 ID: 37c06151 @ Thu Jul 30 00:10:08 UTC 2026
// 同步 ID: 9ab83c39 @ Thu Jul 30 01:24:09 UTC 2026
// 重构日志: 0a224def
// 重构日志: 56117aa4
